2026-08-16 14:27:58.855 error: 	hunte--Se produjo un error interno del servidor 
Invalid `prisma.venta.update()` invocation in
C:\Users\hunte\Desktop\Sistema-POS\server\source\controllers\VentaController.ts:85:46

  82 const usuarioId = Number(request.params.usuarioId);
  83 const productoId = Number(request.params.productoId);
  84 
→ 85 const venta = await prisma.venta.update(
An operation failed because it depends on one or more records that were required but not found. No record was found for an update.
2026-08-16 14:28:04.854 error: 	hunte--Se produjo un error interno del servidor 
Invalid `prisma.venta.update()` invocation in
C:\Users\hunte\Desktop\Sistema-POS\server\source\controllers\VentaController.ts:85:46

  82 const usuarioId = Number(request.params.usuarioId);
  83 const productoId = Number(request.params.productoId);
  84 
→ 85 const venta = await prisma.venta.update(
An operation failed because it depends on one or more records that were required but not found. No record was found for an update.
2026-08-16 14:28:39.591 error: 	hunte--Se produjo un error interno del servidor 
Invalid `prisma.venta.update()` invocation in
C:\Users\hunte\Desktop\Sistema-POS\server\source\controllers\VentaController.ts:85:46

  82 const usuarioId = Number(request.params.usuarioId);
  83 const productoId = Number(request.params.productoId);
  84 
→ 85 const venta = await prisma.venta.update(
An operation failed because it depends on one or more records that were required but not found. No record was found for an update.
